Using username "vagrant".
vagrant@192.168.56.6's password:
Last login: Tue Mar 29 04:30:55 2022 from 192.168.56.1
vagrant@lxdcontainer:~$ sudo npm --version
sudo: npm: command not found
vagrant@lxdcontainer:~$ sudo curl -fsSL https://deb.nodesource.com/setup_14.x | sudo -E bash -

## Installing the NodeSource Node.js 14.x repo...


## Populating apt-get cache...

+ apt-get update
Get:1 http://security.ubuntu.com/ubuntu bionic-security InRelease [88.7 kB]
Get:2 http://security.ubuntu.com/ubuntu bionic-security/main amd64 Packages [2,143 kB]
Hit:3 http://us.archive.ubuntu.com/ubuntu bionic InRelease
Get:4 http://us.archive.ubuntu.com/ubuntu bionic-updates InRelease [88.7 kB]
Get:5 http://security.ubuntu.com/ubuntu bionic-security/main i386 Packages [1,137 kB]
Get:6 http://us.archive.ubuntu.com/ubuntu bionic-backports InRelease [74.6 kB]
Get:7 http://security.ubuntu.com/ubuntu bionic-security/universe i386 Packages [1,011 kB]
Get:8 http://us.archive.ubuntu.com/ubuntu bionic-updates/main i386 Packages [1,446 kB]
Get:9 http://security.ubuntu.com/ubuntu bionic-security/universe amd64 Packages [1,183 kB]
Get:10 http://us.archive.ubuntu.com/ubuntu bionic-updates/main amd64 Packages [2,498 kB]
Get:11 http://us.archive.ubuntu.com/ubuntu bionic-updates/main Translation-en [469 kB]
Get:12 http://us.archive.ubuntu.com/ubuntu bionic-updates/restricted amd64 Packages [702 kB]
Get:13 http://us.archive.ubuntu.com/ubuntu bionic-updates/restricted Translation-en [96.4 kB]
Get:14 http://us.archive.ubuntu.com/ubuntu bionic-updates/universe amd64 Packages [1,799 kB]
Get:15 http://us.archive.ubuntu.com/ubuntu bionic-updates/universe i386 Packages [1,603 kB]
Get:16 http://us.archive.ubuntu.com/ubuntu bionic-updates/universe Translation-en [389 kB]
Get:17 http://us.archive.ubuntu.com/ubuntu bionic-backports/main i386 Packages [10.8 kB]
Get:18 http://us.archive.ubuntu.com/ubuntu bionic-backports/main amd64 Packages [10.8 kB]
Get:19 http://us.archive.ubuntu.com/ubuntu bionic-backports/main Translation-en [5,016 B]
Get:20 http://us.archive.ubuntu.com/ubuntu bionic-backports/universe i386 Packages [11.6 kB]
Get:21 http://us.archive.ubuntu.com/ubuntu bionic-backports/universe amd64 Packages [11.6 kB]
Get:22 http://us.archive.ubuntu.com/ubuntu bionic-backports/universe Translation-en [5,864 B]
Fetched 14.8 MB in 13s (1,128 kB/s)
Reading package lists... Done

## Confirming "bionic" is supported...

+ curl -sLf -o /dev/null 'https://deb.nodesource.com/node_14.x/dists/bionic/Release'

## Adding the NodeSource signing key to your keyring...

+ curl -s https://deb.nodesource.com/gpgkey/nodesource.gpg.key | gpg --dearmor | tee /usr/share/keyrings/nodesource.gpg >/dev/null
gpg: WARNING: unsafe ownership on homedir '/home/vagrant/.gnupg'

## Creating apt sources list file for the NodeSource Node.js 14.x repo...

+ echo 'deb [signed-by=/usr/share/keyrings/nodesource.gpg] https://deb.nodesource.com/node_14.x bionic main' > /etc/apt/sources.list.d/nodesource.list
+ echo 'deb-src [signed-by=/usr/share/keyrings/nodesource.gpg] https://deb.nodesource.com/node_14.x bionic main' >> /etc/apt/sources.list.d/nodesource.list

## Running `apt-get update` for you...

+ apt-get update
Hit:1 http://security.ubuntu.com/ubuntu bionic-security InRelease
Get:2 https://deb.nodesource.com/node_14.x bionic InRelease [4,584 B]
Hit:3 http://us.archive.ubuntu.com/ubuntu bionic InRelease
Get:4 https://deb.nodesource.com/node_14.x bionic/main amd64 Packages [769 B]
Hit:5 http://us.archive.ubuntu.com/ubuntu bionic-updates InRelease
Hit:6 http://us.archive.ubuntu.com/ubuntu bionic-backports InRelease
Fetched 5,353 B in 1s (4,139 B/s)
Reading package lists... Done

## Run `sudo apt-get install -y nodejs` to install Node.js 14.x and npm
## You may also need development tools to build native addons:
     sudo apt-get install gcc g++ make
## To install the Yarn package manager, run:
     curl -sL https://dl.yarnpkg.com/debian/pubkey.gpg | gpg --dearmor | sudo tee /usr/share/keyrings/yarnkey.gpg >/dev/null
     echo "deb [signed-by=/usr/share/keyrings/yarnkey.gpg] https://dl.yarnpkg.com/debian stable main" | sudo tee /etc/apt/sources.list.d/yarn.list
     sudo apt-get update && sudo apt-get install yarn


vagrant@lxdcontainer:~$ sudo apt-get install -y nodejs
Reading package lists... Done
Building dependency tree
Reading state information... Done
The following NEW packages will be installed:
  nodejs
0 upgraded, 1 newly installed, 0 to remove and 18 not upgraded.
Need to get 25.5 MB of archives.
After this operation, 123 MB of additional disk space will be used.
Get:1 https://deb.nodesource.com/node_14.x bionic/main amd64 nodejs amd64 14.19.1-1nodesource1 [25.5 MB]
Fetched 25.5 MB in 3s (9,751 kB/s)
Selecting previously unselected package nodejs.
(Reading database ... 109264 files and directories currently installed.)
Preparing to unpack .../nodejs_14.19.1-1nodesource1_amd64.deb ...
Unpacking nodejs (14.19.1-1nodesource1) ...
Setting up nodejs (14.19.1-1nodesource1) ...
Processing triggers for man-db (2.8.3-2ubuntu0.1) ...
vagrant@lxdcontainer:~$ # https://github.com/nodesource/distributions#debinstall
vagrant@lxdcontainer:~$ sudo npm --version
6.14.16
vagrant@lxdcontainer:~$ sudo node --version
v14.19.1
vagrant@lxdcontainer:~$ java -version

Command 'java' not found, but can be installed with:

apt install default-jre
apt install openjdk-11-jre-headless
apt install openjdk-8-jre-headless

Ask your administrator to install one of them.

vagrant@lxdcontainer:~$ java version

Command 'java' not found, but can be installed with:

apt install default-jre
apt install openjdk-11-jre-headless
apt install openjdk-8-jre-headless

Ask your administrator to install one of them.

vagrant@lxdcontainer:~$ pwd
/home/vagrant
vagrant@lxdcontainer:~$ ls
vagrant@lxdcontainer:~$ mkdir Mule_MQ
vagrant@lxdcontainer:~$ cd Mule_MQ/
vagrant@lxdcontainer:~/Mule_MQ$ git init
Initialized empty Git repository in /home/vagrant/Mule_MQ/.git/
vagrant@lxdcontainer:~/Mule_MQ$ ls
vagrant@lxdcontainer:~/Mule_MQ$ ls -la
total 12
drwxrwxr-x 3 vagrant vagrant 4096 Mar 30 03:43 .
drwxr-xr-x 7 vagrant vagrant 4096 Mar 30 03:43 ..
drwxrwxr-x 7 vagrant vagrant 4096 Mar 30 03:43 .git
vagrant@lxdcontainer:~/Mule_MQ$ git clone https://github.com/gitbilla/Mule_MQ.git
Cloning into 'Mule_MQ'...
warning: You appear to have cloned an empty repository.
vagrant@lxdcontainer:~/Mule_MQ$ ls
Mule_MQ
vagrant@lxdcontainer:~/Mule_MQ$ cd Mule_MQ/
vagrant@lxdcontainer:~/Mule_MQ/Mule_MQ$ ll
total 12
drwxrwxr-x 3 vagrant vagrant 4096 Mar 30 03:44 ./
drwxrwxr-x 4 vagrant vagrant 4096 Mar 30 03:44 ../
drwxrwxr-x 7 vagrant vagrant 4096 Mar 30 03:44 .git/
vagrant@lxdcontainer:~/Mule_MQ/Mule_MQ$ ls -la
total 12
drwxrwxr-x 3 vagrant vagrant 4096 Mar 30 03:44 .
drwxrwxr-x 4 vagrant vagrant 4096 Mar 30 03:44 ..
drwxrwxr-x 7 vagrant vagrant 4096 Mar 30 03:44 .git
vagrant@lxdcontainer:~/Mule_MQ/Mule_MQ$ pwd
/home/vagrant/Mule_MQ/Mule_MQ
vagrant@lxdcontainer:~/Mule_MQ/Mule_MQ$ touch test
vagrant@lxdcontainer:~/Mule_MQ/Mule_MQ$ ll
total 12
drwxrwxr-x 3 vagrant vagrant 4096 Mar 30 03:45 ./
drwxrwxr-x 4 vagrant vagrant 4096 Mar 30 03:44 ../
drwxrwxr-x 7 vagrant vagrant 4096 Mar 30 03:44 .git/
-rw-rw-r-- 1 vagrant vagrant    0 Mar 30 03:45 test
vagrant@lxdcontainer:~/Mule_MQ/Mule_MQ$ git add .
vagrant@lxdcontainer:~/Mule_MQ/Mule_MQ$ git commit -m "test"
[master (root-commit) ac2b5e6] test
 Committer: vagrant <vagrant@lxdcontainer.billa.com>
Your name and email address were configured automatically based
on your username and hostname. Please check that they are accurate.
You can suppress this message by setting them explicitly. Run the
following command and follow the instructions in your editor to edit
your configuration file:

    git config --global --edit

After doing this, you may fix the identity used for this commit with:

    git commit --amend --reset-author

 1 file changed, 0 insertions(+), 0 deletions(-)
 create mode 100644 test
vagrant@lxdcontainer:~/Mule_MQ/Mule_MQ$ git commit --amend --reset-author
[master 0f14997] test
 Committer: vagrant <vagrant@lxdcontainer.billa.com>
Your name and email address were configured automatically based
on your username and hostname. Please check that they are accurate.
You can suppress this message by setting them explicitly. Run the
following command and follow the instructions in your editor to edit
your configuration file:

    git config --global --edit

After doing this, you may fix the identity used for this commit with:

    git commit --amend --reset-author

 1 file changed, 0 insertions(+), 0 deletions(-)
 create mode 100644 test
vagrant@lxdcontainer:~/Mule_MQ/Mule_MQ$ git status
On branch master
Your branch is based on 'origin/master', but the upstream is gone.
  (use "git branch --unset-upstream" to fixup)

nothing to commit, working tree clean
vagrant@lxdcontainer:~/Mule_MQ/Mule_MQ$
vagrant@lxdcontainer:~/Mule_MQ/Mule_MQ$ git push https://github.com/gitbilla/Mule_MQ.git
Username for 'https://github.com': gitbilla
Password for 'https://gitbilla@github.com':
remote: Support for password authentication was removed on August 13, 2021. Please use a personal access token instead.
remote: Please see https://github.blog/2020-12-15-token-authentication-requirements-for-git-operations/ for more information.
fatal: Authentication failed for 'https://github.com/gitbilla/Mule_MQ.git/'
vagrant@lxdcontainer:~/Mule_MQ/Mule_MQ$ git push https://github.com/gitbilla/Mule_MQ.git
Username for 'https://github.com': gitbilla
Password for 'https://gitbilla@github.com':
Counting objects: 3, done.
Writing objects: 100% (3/3), 205 bytes | 34.00 KiB/s, done.
Total 3 (delta 0), reused 0 (delta 0)
To https://github.com/gitbilla/Mule_MQ.git
 * [new branch]      master -> master
vagrant@lxdcontainer:~/Mule_MQ/Mule_MQ$ #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
vagrant@lxdcontainer:~/Mule_MQ/Mule_MQ$

